// Jest Snapshot v1, https://goo.gl/fbAQLP

exports[`errorParser should throw a custom error for invalid input 1`] = `"{"id":"Error","message":"Unexpected token I in JSON at position 0"}"`;
